{
  "Resources": {
    "BuildArtifactsS3BucketF34A0F91": {
      "Type": "AWS::S3::Bucket",
      "Properties": {
        "BucketEncryption": {
          "ServerSideEncryptionConfiguration": [
            {
              "ServerSideEncryptionByDefault": {
                "SSEAlgorithm": "AES256"
              }
            }
          ]
        },
        "BucketName": "some-bucket-name",
        "LifecycleConfiguration": {
          "Rules": [
            {
              "NoncurrentVersionExpirationInDays": 10,
              "Status": "Enabled"
            }
          ]
        },
        "PublicAccessBlockConfiguration": {
          "BlockPublicAcls": true,
          "BlockPublicPolicy": true,
          "IgnorePublicAcls": true,
          "RestrictPublicBuckets": true
        },
        "Tags": [
          {
            "Key": "Project",
            "Value": "my-project"
          },
          {
            "Key": "SourceRepo",
            "Value": "github/capralifecycle/liflig-cdk"
          },
          {
            "Key": "StackName",
            "Value": "build-artifacts"
          }
        ],
        "VersioningConfiguration": {
          "Status": "Enabled"
        }
      },
      "UpdateReplacePolicy": "Retain",
      "DeletionPolicy": "Retain",
      "Metadata": {
        "aws:cdk:path": "build-artifacts/BuildArtifacts/S3Bucket/Resource"
      }
    },
    "BuildArtifactsS3BucketPolicy963F6593": {
      "Type": "AWS::S3::BucketPolicy",
      "Properties": {
        "Bucket": {
          "Ref": "BuildArtifactsS3BucketF34A0F91"
        },
        "PolicyDocument": {
          "Statement": [
            {
              "Action": [
                "s3:GetObject*",
                "s3:GetBucket*",
                "s3:List*"
              ],
              "Effect": "Allow",
              "Principal": {
                "AWS": {
                  "Fn::Join": [
                    "",
                    [
                      "arn:",
                      {
                        "Ref": "AWS::Partition"
                      },
                      ":iam::112233445566:root"
                    ]
                  ]
                }
              },
              "Resource": [
                {
                  "Fn::GetAtt": [
                    "BuildArtifactsS3BucketF34A0F91",
                    "Arn"
                  ]
                },
                {
                  "Fn::Join": [
                    "",
                    [
                      {
                        "Fn::GetAtt": [
                          "BuildArtifactsS3BucketF34A0F91",
                          "Arn"
                        ]
                      },
                      "/*"
                    ]
                  ]
                }
              ]
            }
          ],
          "Version": "2012-10-17"
        }
      },
      "Metadata": {
        "aws:cdk:path": "build-artifacts/BuildArtifacts/S3Bucket/Policy/Resource"
      }
    },
    "BuildArtifactsCiRole8A88D092": {
      "Type": "AWS::IAM::Role",
      "Properties": {
        "AssumeRolePolicyDocument": {
          "Statement": [
            {
              "Action": "sts:AssumeRole",
              "Effect": "Allow",
              "Principal": {
                "AWS": "role-arn"
              }
            }
          ],
          "Version": "2012-10-17"
        },
        "RoleName": "some-ci-role-name",
        "Tags": [
          {
            "Key": "Project",
            "Value": "my-project"
          },
          {
            "Key": "SourceRepo",
            "Value": "github/capralifecycle/liflig-cdk"
          },
          {
            "Key": "StackName",
            "Value": "build-artifacts"
          }
        ]
      },
      "Metadata": {
        "aws:cdk:path": "build-artifacts/BuildArtifacts/CiRole/Resource"
      }
    },
    "BuildArtifactsCiRoleDefaultPolicy02A0C8B2": {
      "Type": "AWS::IAM::Policy",
      "Properties": {
        "PolicyDocument": {
          "Statement": [
            {
              "Action": [
                "s3:GetObject*",
                "s3:GetBucket*",
                "s3:List*",
                "s3:DeleteObject*",
                "s3:PutObject*",
                "s3:Abort*"
              ],
              "Effect": "Allow",
              "Resource": [
                {
                  "Fn::GetAtt": [
                    "BuildArtifactsS3BucketF34A0F91",
                    "Arn"
                  ]
                },
                {
                  "Fn::Join": [
                    "",
                    [
                      {
                        "Fn::GetAtt": [
                          "BuildArtifactsS3BucketF34A0F91",
                          "Arn"
                        ]
                      },
                      "/*"
                    ]
                  ]
                }
              ]
            },
            {
              "Action": [
                "ecr:BatchCheckLayerAvailability",
                "ecr:GetDownloadUrlForLayer",
                "ecr:BatchGetImage"
              ],
              "Effect": "Allow",
              "Resource": {
                "Fn::GetAtt": [
                  "BuildArtifactsEcrRepository58C90D9A",
                  "Arn"
                ]
              }
            },
            {
              "Action": "ecr:GetAuthorizationToken",
              "Effect": "Allow",
              "Resource": "*"
            },
            {
              "Action": [
                "ecr:PutImage",
                "ecr:InitiateLayerUpload",
                "ecr:UploadLayerPart",
                "ecr:CompleteLayerUpload"
              ],
              "Effect": "Allow",
              "Resource": {
                "Fn::GetAtt": [
                  "BuildArtifactsEcrRepository58C90D9A",
                  "Arn"
                ]
              }
            },
            {
              "Action": "ssm:PutParameter",
              "Effect": "Allow",
              "Resource": "arn:aws:ssm:eu-west-1:112233445566:parameter/liflig-cdk/*/pipeline-variables/*"
            }
          ],
          "Version": "2012-10-17"
        },
        "PolicyName": "BuildArtifactsCiRoleDefaultPolicy02A0C8B2",
        "Roles": [
          {
            "Ref": "BuildArtifactsCiRole8A88D092"
          }
        ]
      },
      "Metadata": {
        "aws:cdk:path": "build-artifacts/BuildArtifacts/CiRole/DefaultPolicy/Resource"
      }
    },
    "BuildArtifactsEcrRepository58C90D9A": {
      "Type": "AWS::ECR::Repository",
      "Properties": {
        "RepositoryName": "some-ecr-repo-name",
        "RepositoryPolicyText": {
          "Statement": [
            {
              "Action": [
                "ecr:BatchCheckLayerAvailability",
                "ecr:GetDownloadUrlForLayer",
                "ecr:BatchGetImage"
              ],
              "Effect": "Allow",
              "Principal": {
                "AWS": {
                  "Fn::Join": [
                    "",
                    [
                      "arn:",
                      {
                        "Ref": "AWS::Partition"
                      },
                      ":iam::112233445566:root"
                    ]
                  ]
                }
              }
            }
          ],
          "Version": "2012-10-17"
        },
        "Tags": [
          {
            "Key": "Project",
            "Value": "my-project"
          },
          {
            "Key": "SourceRepo",
            "Value": "github/capralifecycle/liflig-cdk"
          },
          {
            "Key": "StackName",
            "Value": "build-artifacts"
          }
        ]
      },
      "UpdateReplacePolicy": "Retain",
      "DeletionPolicy": "Retain",
      "Metadata": {
        "aws:cdk:path": "build-artifacts/BuildArtifacts/EcrRepository/Resource"
      }
    }
  },
  "Outputs": {
    "BuildArtifactsEcrRepoUri8E98C2C4": {
      "Value": {
        "Fn::Join": [
          "",
          [
            {
              "Fn::Select": [
                4,
                {
                  "Fn::Split": [
                    ":",
                    {
                      "Fn::GetAtt": [
                        "BuildArtifactsEcrRepository58C90D9A",
                        "Arn"
                      ]
                    }
                  ]
                }
              ]
            },
            ".dkr.ecr.",
            {
              "Fn::Select": [
                3,
                {
                  "Fn::Split": [
                    ":",
                    {
                      "Fn::GetAtt": [
                        "BuildArtifactsEcrRepository58C90D9A",
                        "Arn"
                      ]
                    }
                  ]
                }
              ]
            },
            ".",
            {
              "Ref": "AWS::URLSuffix"
            },
            "/",
            {
              "Ref": "BuildArtifactsEcrRepository58C90D9A"
            }
          ]
        ]
      }
    },
    "BuildArtifactsBucketNameFFDA2A82": {
      "Value": {
        "Ref": "BuildArtifactsS3BucketF34A0F91"
      }
    },
    "BuildArtifactsCiRoleArn6A5A560C": {
      "Value": {
        "Fn::GetAtt": [
          "BuildArtifactsCiRole8A88D092",
          "Arn"
        ]
      }
    }
  },
  "Parameters": {
    "BootstrapVersion": {
      "Type": "AWS::SSM::Parameter::Value<String>",
      "Default": "/cdk-bootstrap/hnb659fds/version",
      "Description": "Version of the CDK Bootstrap resources in this environment, automatically retrieved from SSM Parameter Store. [cdk:skip]"
    }
  },
  "Rules": {
    "CheckBootstrapVersion": {
      "Assertions": [
        {
          "Assert": {
            "Fn::Not": [
              {
                "Fn::Contains": [
                  [
                    "1",
                    "2",
                    "3",
                    "4",
                    "5"
                  ],
                  {
                    "Ref": "BootstrapVersion"
                  }
                ]
              }
            ]
          },
          "AssertDescription": "CDK bootstrap stack version 6 required. Please run 'cdk bootstrap' with a recent version of the CDK CLI."
        }
      ]
    }
  }
}