{
  "artifacts": {
    "assembly-cdk-pipeline-cdk-source-example": {
      "type": "cdk:cloud-assembly",
      "properties": {
        "directoryName": "assembly-cdk-pipeline-cdk-source-example",
        "displayName": "cdk-pipeline-cdk-source/example"
      }
    },
    "assembly-cdk-pipeline-cloud-assembly-example": {
      "type": "cdk:cloud-assembly",
      "properties": {
        "directoryName": "assembly-cdk-pipeline-cloud-assembly-example",
        "displayName": "cdk-pipeline-cloud-assembly/example"
      }
    },
    "build-artifacts.assets": {
      "type": "cdk:asset-manifest",
      "properties": {
        "file": "build-artifacts.assets.json",
        "requiresBootstrapStackVersion": 6,
        "bootstrapStackVersionSsmParameter": "/cdk-bootstrap/hnb659fds/version"
      }
    },
    "build-artifacts": {
      "type": "aws:cloudformation:stack",
      "environment": "aws://112233445566/eu-west-1",
      "properties": {
        "templateFile": "build-artifacts.template.json",
        "terminationProtection": false,
        "tags": {
          "Project": "my-project",
          "SourceRepo": "github/capralifecycle/liflig-cdk",
          "StackName": "build-artifacts"
        },
        "validateOnSynth": false,
        "assumeRoleArn": "arn:${AWS::Partition}:iam::112233445566:role/cdk-hnb659fds-deploy-role-112233445566-eu-west-1",
        "cloudFormationExecutionRoleArn": "arn:${AWS::Partition}:iam::112233445566:role/cdk-hnb659fds-cfn-exec-role-112233445566-eu-west-1",
        "stackTemplateAssetObjectUrl": "s3://cdk-hnb659fds-assets-112233445566-eu-west-1/snapshot-value.json",
        "requiresBootstrapStackVersion": 6,
        "bootstrapStackVersionSsmParameter": "/cdk-bootstrap/hnb659fds/version",
        "additionalDependencies": [
          "build-artifacts.assets"
        ],
        "lookupRole": {
          "arn": "arn:${AWS::Partition}:iam::112233445566:role/cdk-hnb659fds-lookup-role-112233445566-eu-west-1",
          "requiresBootstrapStackVersion": 8,
          "bootstrapStackVersionSsmParameter": "/cdk-bootstrap/hnb659fds/version"
        }
      },
      "dependencies": [
        "build-artifacts.assets"
      ],
      "metadata": {
        "/build-artifacts": [
          {
            "type": "aws:cdk:stack-tags",
            "data": [
              {
                "Key": "Project",
                "Value": "my-project"
              },
              {
                "Key": "SourceRepo",
                "Value": "github/capralifecycle/liflig-cdk"
              },
              {
                "Key": "StackName",
                "Value": "build-artifacts"
              }
            ]
          }
        ],
        "/build-artifacts/BuildArtifacts/S3Bucket/Resource": [
          {
            "type": "aws:cdk:logicalId",
            "data": "BuildArtifactsS3BucketF34A0F91"
          }
        ],
        "/build-artifacts/BuildArtifacts/S3Bucket/Notifications/Resource": [
          {
            "type": "aws:cdk:logicalId",
            "data": "BuildArtifactsS3BucketNotifications8F606582"
          }
        ],
        "/build-artifacts/BuildArtifacts/S3Bucket/Policy/Resource": [
          {
            "type": "aws:cdk:logicalId",
            "data": "BuildArtifactsS3BucketPolicy963F6593"
          }
        ],
        "/build-artifacts/BuildArtifacts/EcrRepository/Resource": [
          {
            "type": "aws:cdk:logicalId",
            "data": "BuildArtifactsEcrRepository58C90D9A"
          }
        ],
        "/build-artifacts/BuildArtifacts/OpenIdConnectProvider": [
          {
            "type": "aws:cdk:logicalId",
            "data": "BuildArtifactsOpenIdConnectProviderD0DD3330"
          }
        ],
        "/build-artifacts/BuildArtifacts/GithubActionsRole/Role/Resource": [
          {
            "type": "aws:cdk:logicalId",
            "data": "BuildArtifactsGithubActionsRole57AE9876"
          }
        ],
        "/build-artifacts/BuildArtifacts/GithubActionsRole/Role/DefaultPolicy/Resource": [
          {
            "type": "aws:cdk:logicalId",
            "data": "BuildArtifactsGithubActionsRoleDefaultPolicyBFBC12F6"
          }
        ],
        "/build-artifacts/BuildArtifacts/GithubActionsLimitedRole/Role/Resource": [
          {
            "type": "aws:cdk:logicalId",
            "data": "BuildArtifactsGithubActionsLimitedRole15AAC240"
          }
        ],
        "/build-artifacts/BuildArtifacts/GithubActionsLimitedRole/Role/DefaultPolicy/Resource": [
          {
            "type": "aws:cdk:logicalId",
            "data": "BuildArtifactsGithubActionsLimitedRoleDefaultPolicyE701FA68"
          }
        ],
        "/build-artifacts/BuildArtifacts/EcrRepoUri": [
          {
            "type": "aws:cdk:logicalId",
            "data": "BuildArtifactsEcrRepoUri8E98C2C4"
          }
        ],
        "/build-artifacts/BuildArtifacts/BucketName": [
          {
            "type": "aws:cdk:logicalId",
            "data": "BuildArtifactsBucketNameFFDA2A82"
          }
        ],
        "/build-artifacts/BuildArtifacts/RoleArn": [
          {
            "type": "aws:cdk:logicalId",
            "data": "BuildArtifactsRoleArn13F92F8C"
          }
        ],
        "/build-artifacts/BuildArtifacts/LimitedRoleArn": [
          {
            "type": "aws:cdk:logicalId",
            "data": "BuildArtifactsLimitedRoleArnBDBFBD73"
          }
        ],
        "/build-artifacts/BucketNotificationsHandler050a0587b7544547bf325f094a3db834/Role/Resource": [
          {
            "type": "aws:cdk:logicalId",
            "data": "BucketNotificationsHandler050a0587b7544547bf325f094a3db834RoleB6FB88EC"
          }
        ],
        "/build-artifacts/BucketNotificationsHandler050a0587b7544547bf325f094a3db834/Role/DefaultPolicy/Resource": [
          {
            "type": "aws:cdk:logicalId",
            "data": "BucketNotificationsHandler050a0587b7544547bf325f094a3db834RoleDefaultPolicy2CF63D36"
          }
        ],
        "/build-artifacts/BucketNotificationsHandler050a0587b7544547bf325f094a3db834/Resource": [
          {
            "type": "aws:cdk:logicalId",
            "data": "BucketNotificationsHandler050a0587b7544547bf325f094a3db8347ECC3691"
          }
        ],
        "/build-artifacts/CDKMetadata/Default": [
          {
            "type": "aws:cdk:logicalId",
            "data": "CDKMetadata"
          }
        ],
        "/build-artifacts/BootstrapVersion": [
          {
            "type": "aws:cdk:logicalId",
            "data": "BootstrapVersion"
          }
        ],
        "/build-artifacts/CheckBootstrapVersion": [
          {
            "type": "aws:cdk:logicalId",
            "data": "CheckBootstrapVersion"
          }
        ]
      },
      "displayName": "build-artifacts"
    },
    "ssm-parameter-reader.assets": {
      "type": "cdk:asset-manifest",
      "properties": {
        "file": "ssm-parameter-reader.assets.json",
        "requiresBootstrapStackVersion": 6,
        "bootstrapStackVersionSsmParameter": "/cdk-bootstrap/hnb659fds/version"
      }
    },
    "ssm-parameter-reader": {
      "type": "aws:cloudformation:stack",
      "environment": "aws://112233445566/eu-west-1",
      "properties": {
        "templateFile": "ssm-parameter-reader.template.json",
        "terminationProtection": false,
        "tags": {
          "Project": "my-project",
          "SourceRepo": "github/capralifecycle/liflig-cdk",
          "StackName": "ssm-parameter-reader"
        },
        "validateOnSynth": false,
        "assumeRoleArn": "arn:${AWS::Partition}:iam::112233445566:role/cdk-hnb659fds-deploy-role-112233445566-eu-west-1",
        "cloudFormationExecutionRoleArn": "arn:${AWS::Partition}:iam::112233445566:role/cdk-hnb659fds-cfn-exec-role-112233445566-eu-west-1",
        "stackTemplateAssetObjectUrl": "s3://cdk-hnb659fds-assets-112233445566-eu-west-1/snapshot-value.json",
        "requiresBootstrapStackVersion": 6,
        "bootstrapStackVersionSsmParameter": "/cdk-bootstrap/hnb659fds/version",
        "additionalDependencies": [
          "ssm-parameter-reader.assets"
        ],
        "lookupRole": {
          "arn": "arn:${AWS::Partition}:iam::112233445566:role/cdk-hnb659fds-lookup-role-112233445566-eu-west-1",
          "requiresBootstrapStackVersion": 8,
          "bootstrapStackVersionSsmParameter": "/cdk-bootstrap/hnb659fds/version"
        }
      },
      "dependencies": [
        "ssm-parameter-reader.assets"
      ],
      "metadata": {
        "/ssm-parameter-reader": [
          {
            "type": "aws:cdk:stack-tags",
            "data": [
              {
                "Key": "Project",
                "Value": "my-project"
              },
              {
                "Key": "SourceRepo",
                "Value": "github/capralifecycle/liflig-cdk"
              },
              {
                "Key": "StackName",
                "Value": "ssm-parameter-reader"
              }
            ]
          }
        ],
        "/ssm-parameter-reader/ParamReader/Resource/Default": [
          {
            "type": "aws:cdk:logicalId",
            "data": "ParamReaderDE9769DB"
          }
        ],
        "/ssm-parameter-reader/ParamReader/CustomResourcePolicy/Resource": [
          {
            "type": "aws:cdk:logicalId",
            "data": "ParamReaderCustomResourcePolicy6D6224AD"
          }
        ],
        "/ssm-parameter-reader/AWS679f53fac002430cb0da5b7982bd2287/ServiceRole/Resource": [
          {
            "type": "aws:cdk:logicalId",
            "data": "AWS679f53fac002430cb0da5b7982bd2287ServiceRoleC1EA0FF2"
          }
        ],
        "/ssm-parameter-reader/AWS679f53fac002430cb0da5b7982bd2287/Resource": [
          {
            "type": "aws:cdk:logicalId",
            "data": "AWS679f53fac002430cb0da5b7982bd22872D164C4C"
          }
        ],
        "/ssm-parameter-reader/CDKMetadata/Default": [
          {
            "type": "aws:cdk:logicalId",
            "data": "CDKMetadata"
          }
        ],
        "/ssm-parameter-reader/BootstrapVersion": [
          {
            "type": "aws:cdk:logicalId",
            "data": "BootstrapVersion"
          }
        ],
        "/ssm-parameter-reader/CheckBootstrapVersion": [
          {
            "type": "aws:cdk:logicalId",
            "data": "CheckBootstrapVersion"
          }
        ]
      },
      "displayName": "ssm-parameter-reader"
    },
    "cdk-pipeline-cdk-source.assets": {
      "type": "cdk:asset-manifest",
      "properties": {
        "file": "cdk-pipeline-cdk-source.assets.json",
        "requiresBootstrapStackVersion": 6,
        "bootstrapStackVersionSsmParameter": "/cdk-bootstrap/hnb659fds/version"
      }
    },
    "cdk-pipeline-cdk-source": {
      "type": "aws:cloudformation:stack",
      "environment": "aws://unknown-account/unknown-region",
      "properties": {
        "templateFile": "cdk-pipeline-cdk-source.template.json",
        "terminationProtection": false,
        "tags": {
          "Project": "my-project",
          "SourceRepo": "github/capralifecycle/liflig-cdk",
          "StackName": "cdk-pipeline-cdk-source"
        },
        "validateOnSynth": false,
        "assumeRoleArn": "arn:${AWS::Partition}:iam::${AWS::AccountId}:role/cdk-hnb659fds-deploy-role-${AWS::AccountId}-${AWS::Region}",
        "cloudFormationExecutionRoleArn": "arn:${AWS::Partition}:iam::${AWS::AccountId}:role/cdk-hnb659fds-cfn-exec-role-${AWS::AccountId}-${AWS::Region}",
        "stackTemplateAssetObjectUrl": "s3://cdk-hnb659fds-assets-${AWS::AccountId}-${AWS::Region}/snapshot-value.json",
        "requiresBootstrapStackVersion": 6,
        "bootstrapStackVersionSsmParameter": "/cdk-bootstrap/hnb659fds/version",
        "additionalDependencies": [
          "cdk-pipeline-cdk-source.assets"
        ],
        "lookupRole": {
          "arn": "arn:${AWS::Partition}:iam::${AWS::AccountId}:role/cdk-hnb659fds-lookup-role-${AWS::AccountId}-${AWS::Region}",
          "requiresBootstrapStackVersion": 8,
          "bootstrapStackVersionSsmParameter": "/cdk-bootstrap/hnb659fds/version"
        }
      },
      "dependencies": [
        "cdk-pipeline-cdk-source.assets"
      ],
      "metadata": {
        "/cdk-pipeline-cdk-source": [
          {
            "type": "aws:cdk:stack-tags",
            "data": [
              {
                "Key": "Project",
                "Value": "my-project"
              },
              {
                "Key": "SourceRepo",
                "Value": "github/capralifecycle/liflig-cdk"
              },
              {
                "Key": "StackName",
                "Value": "cdk-pipeline-cdk-source"
              }
            ]
          }
        ],
        "/cdk-pipeline-cdk-source/ArtifactsBucket/Resource": [
          {
            "type": "aws:cdk:logicalId",
            "data": "ArtifactsBucket2AAC5544"
          }
        ],
        "/cdk-pipeline-cdk-source/Pipeline/PrepareCdkSourceFn/ServiceRole/Resource": [
          {
            "type": "aws:cdk:logicalId",
            "data": "PipelinePrepareCdkSourceFnServiceRole4C7FA4DB"
          }
        ],
        "/cdk-pipeline-cdk-source/Pipeline/PrepareCdkSourceFn/ServiceRole/DefaultPolicy/Resource": [
          {
            "type": "aws:cdk:logicalId",
            "data": "PipelinePrepareCdkSourceFnServiceRoleDefaultPolicy49183F3C"
          }
        ],
        "/cdk-pipeline-cdk-source/Pipeline/PrepareCdkSourceFn/Resource": [
          {
            "type": "aws:cdk:logicalId",
            "data": "PipelinePrepareCdkSourceFnF78E92C9"
          }
        ],
        "/cdk-pipeline-cdk-source/Pipeline/CodePipeline": [
          {
            "type": "aws:cdk:warning",
            "data": "V1 pipeline type is implicitly selected when `pipelineType` is not set. If you want to use V2 type, set `PipelineType.V2`. [ack: @aws-cdk/aws-codepipeline:unspecifiedPipelineType]"
          }
        ],
        "/cdk-pipeline-cdk-source/Pipeline/CodePipeline/ArtifactsBucketEncryptionKey/Resource": [
          {
            "type": "aws:cdk:logicalId",
            "data": "PipelineCodePipelineArtifactsBucketEncryptionKey0E77C3AE"
          }
        ],
        "/cdk-pipeline-cdk-source/Pipeline/CodePipeline/ArtifactsBucketEncryptionKeyAlias/Resource": [
          {
            "type": "aws:cdk:logicalId",
            "data": "PipelineCodePipelineArtifactsBucketEncryptionKeyAlias3EF3F23B"
          }
        ],
        "/cdk-pipeline-cdk-source/Pipeline/CodePipeline/ArtifactsBucket/Resource": [
          {
            "type": "aws:cdk:logicalId",
            "data": "PipelineCodePipelineArtifactsBucket9E5E7047"
          }
        ],
        "/cdk-pipeline-cdk-source/Pipeline/CodePipeline/ArtifactsBucket/Policy/Resource": [
          {
            "type": "aws:cdk:logicalId",
            "data": "PipelineCodePipelineArtifactsBucketPolicyDD5F42B2"
          }
        ],
        "/cdk-pipeline-cdk-source/Pipeline/CodePipeline/Role/Resource": [
          {
            "type": "aws:cdk:logicalId",
            "data": "PipelineCodePipelineRoleEE058E60"
          }
        ],
        "/cdk-pipeline-cdk-source/Pipeline/CodePipeline/Role/DefaultPolicy/Resource": [
          {
            "type": "aws:cdk:logicalId",
            "data": "PipelineCodePipelineRoleDefaultPolicy37C67326"
          }
        ],
        "/cdk-pipeline-cdk-source/Pipeline/CodePipeline/Resource": [
          {
            "type": "aws:cdk:logicalId",
            "data": "PipelineCodePipeline4FC0E9B7"
          }
        ],
        "/cdk-pipeline-cdk-source/Pipeline/CodePipeline/Source/source/CodePipelineActionRole/Resource": [
          {
            "type": "aws:cdk:logicalId",
            "data": "PipelineCodePipelineSourcesourceCodePipelineActionRoleAB26C0AE"
          }
        ],
        "/cdk-pipeline-cdk-source/Pipeline/CodePipeline/Source/source/CodePipelineActionRole/DefaultPolicy/Resource": [
          {
            "type": "aws:cdk:logicalId",
            "data": "PipelineCodePipelineSourcesourceCodePipelineActionRoleDefaultPolicy7825EAF4"
          }
        ],
        "/cdk-pipeline-cdk-source/Pipeline/CodePipeline/PrepareCdkSource/prepare-cdk-source/CodePipelineActionRole/Resource": [
          {
            "type": "aws:cdk:logicalId",
            "data": "PipelineCodePipelinePrepareCdkSourcepreparecdksourceCodePipelineActionRole271DB5CA"
          }
        ],
        "/cdk-pipeline-cdk-source/Pipeline/CodePipeline/PrepareCdkSource/prepare-cdk-source/CodePipelineActionRole/DefaultPolicy/Resource": [
          {
            "type": "aws:cdk:logicalId",
            "data": "PipelineCodePipelinePrepareCdkSourcepreparecdksourceCodePipelineActionRoleDefaultPolicyC1327038"
          }
        ],
        "/cdk-pipeline-cdk-source/Pipeline/CodePipeline/EventsRole/Resource": [
          {
            "type": "aws:cdk:logicalId",
            "data": "PipelineCodePipelineEventsRole6E48CF6D"
          }
        ],
        "/cdk-pipeline-cdk-source/Pipeline/CodePipeline/EventsRole/DefaultPolicy/Resource": [
          {
            "type": "aws:cdk:logicalId",
            "data": "PipelineCodePipelineEventsRoleDefaultPolicy87D65CBE"
          }
        ],
        "/cdk-pipeline-cdk-source/Pipeline/CodePipeline/Build/GenerateCloudAssembly/CdkBuildProject/Role/Resource": [
          {
            "type": "aws:cdk:logicalId",
            "data": "PipelineCodePipelineBuildGenerateCloudAssemblyCdkBuildProjectRole5D5FB735"
          }
        ],
        "/cdk-pipeline-cdk-source/Pipeline/CodePipeline/Build/GenerateCloudAssembly/CdkBuildProject/Role/DefaultPolicy/Resource": [
          {
            "type": "aws:cdk:logicalId",
            "data": "PipelineCodePipelineBuildGenerateCloudAssemblyCdkBuildProjectRoleDefaultPolicy027A12A1"
          }
        ],
        "/cdk-pipeline-cdk-source/Pipeline/CodePipeline/Build/GenerateCloudAssembly/CdkBuildProject/Resource": [
          {
            "type": "aws:cdk:logicalId",
            "data": "PipelineCodePipelineBuildGenerateCloudAssemblyCdkBuildProject45DF9DF3"
          }
        ],
        "/cdk-pipeline-cdk-source/Pipeline/PipelineTrigger/Resource": [
          {
            "type": "aws:cdk:logicalId",
            "data": "PipelinePipelineTriggerDBF83560"
          }
        ],
        "/cdk-pipeline-cdk-source/Pipeline/CdkPipeline/CodeBuildActionRole/Resource": [
          {
            "type": "aws:cdk:logicalId",
            "data": "PipelineCdkPipelineCodeBuildActionRole1C961342"
          }
        ],
        "/cdk-pipeline-cdk-source/Pipeline/CdkPipeline/CodeBuildActionRole/DefaultPolicy/Resource": [
          {
            "type": "aws:cdk:logicalId",
            "data": "PipelineCdkPipelineCodeBuildActionRoleDefaultPolicy0A4D4386"
          }
        ],
        "/cdk-pipeline-cdk-source/Pipeline/CdkPipeline/UpdatePipeline/SelfMutation/Role/Resource": [
          {
            "type": "aws:cdk:logicalId",
            "data": "PipelineCdkPipelineUpdatePipelineSelfMutationRole91D6CBA8"
          }
        ],
        "/cdk-pipeline-cdk-source/Pipeline/CdkPipeline/UpdatePipeline/SelfMutation/Role/DefaultPolicy/Resource": [
          {
            "type": "aws:cdk:logicalId",
            "data": "PipelineCdkPipelineUpdatePipelineSelfMutationRoleDefaultPolicy128B1173"
          }
        ],
        "/cdk-pipeline-cdk-source/Pipeline/CdkPipeline/UpdatePipeline/SelfMutation/Resource": [
          {
            "type": "aws:cdk:logicalId",
            "data": "PipelineCdkPipelineUpdatePipelineSelfMutation3D8B717E"
          }
        ],
        "/cdk-pipeline-cdk-source/CDKMetadata/Default": [
          {
            "type": "aws:cdk:logicalId",
            "data": "CDKMetadata"
          }
        ],
        "/cdk-pipeline-cdk-source/CDKMetadata/Condition": [
          {
            "type": "aws:cdk:logicalId",
            "data": "CDKMetadataAvailable"
          }
        ],
        "/cdk-pipeline-cdk-source/BootstrapVersion": [
          {
            "type": "aws:cdk:logicalId",
            "data": "BootstrapVersion"
          }
        ],
        "/cdk-pipeline-cdk-source/CheckBootstrapVersion": [
          {
            "type": "aws:cdk:logicalId",
            "data": "CheckBootstrapVersion"
          }
        ]
      },
      "displayName": "cdk-pipeline-cdk-source"
    },
    "cdk-pipeline-cloud-assembly.assets": {
      "type": "cdk:asset-manifest",
      "properties": {
        "file": "cdk-pipeline-cloud-assembly.assets.json",
        "requiresBootstrapStackVersion": 6,
        "bootstrapStackVersionSsmParameter": "/cdk-bootstrap/hnb659fds/version"
      }
    },
    "cdk-pipeline-cloud-assembly": {
      "type": "aws:cloudformation:stack",
      "environment": "aws://unknown-account/unknown-region",
      "properties": {
        "templateFile": "cdk-pipeline-cloud-assembly.template.json",
        "terminationProtection": false,
        "tags": {
          "Project": "my-project",
          "SourceRepo": "github/capralifecycle/liflig-cdk",
          "StackName": "cdk-pipeline-cloud-assembly"
        },
        "validateOnSynth": false,
        "assumeRoleArn": "arn:${AWS::Partition}:iam::${AWS::AccountId}:role/cdk-hnb659fds-deploy-role-${AWS::AccountId}-${AWS::Region}",
        "cloudFormationExecutionRoleArn": "arn:${AWS::Partition}:iam::${AWS::AccountId}:role/cdk-hnb659fds-cfn-exec-role-${AWS::AccountId}-${AWS::Region}",
        "stackTemplateAssetObjectUrl": "s3://cdk-hnb659fds-assets-${AWS::AccountId}-${AWS::Region}/snapshot-value.json",
        "requiresBootstrapStackVersion": 6,
        "bootstrapStackVersionSsmParameter": "/cdk-bootstrap/hnb659fds/version",
        "additionalDependencies": [
          "cdk-pipeline-cloud-assembly.assets"
        ],
        "lookupRole": {
          "arn": "arn:${AWS::Partition}:iam::${AWS::AccountId}:role/cdk-hnb659fds-lookup-role-${AWS::AccountId}-${AWS::Region}",
          "requiresBootstrapStackVersion": 8,
          "bootstrapStackVersionSsmParameter": "/cdk-bootstrap/hnb659fds/version"
        }
      },
      "dependencies": [
        "cdk-pipeline-cloud-assembly.assets"
      ],
      "metadata": {
        "/cdk-pipeline-cloud-assembly": [
          {
            "type": "aws:cdk:stack-tags",
            "data": [
              {
                "Key": "Project",
                "Value": "my-project"
              },
              {
                "Key": "SourceRepo",
                "Value": "github/capralifecycle/liflig-cdk"
              },
              {
                "Key": "StackName",
                "Value": "cdk-pipeline-cloud-assembly"
              }
            ]
          }
        ],
        "/cdk-pipeline-cloud-assembly/ArtifactsBucket/Resource": [
          {
            "type": "aws:cdk:logicalId",
            "data": "ArtifactsBucket2AAC5544"
          }
        ],
        "/cdk-pipeline-cloud-assembly/Pipeline/CloudAssemblyLookupFn/ServiceRole/Resource": [
          {
            "type": "aws:cdk:logicalId",
            "data": "PipelineCloudAssemblyLookupFnServiceRole2FDEF095"
          }
        ],
        "/cdk-pipeline-cloud-assembly/Pipeline/CloudAssemblyLookupFn/ServiceRole/DefaultPolicy/Resource": [
          {
            "type": "aws:cdk:logicalId",
            "data": "PipelineCloudAssemblyLookupFnServiceRoleDefaultPolicy2F7C48B6"
          }
        ],
        "/cdk-pipeline-cloud-assembly/Pipeline/CloudAssemblyLookupFn/Resource": [
          {
            "type": "aws:cdk:logicalId",
            "data": "PipelineCloudAssemblyLookupFn679FAA51"
          }
        ],
        "/cdk-pipeline-cloud-assembly/Pipeline/CodePipeline": [
          {
            "type": "aws:cdk:warning",
            "data": "V1 pipeline type is implicitly selected when `pipelineType` is not set. If you want to use V2 type, set `PipelineType.V2`. [ack: @aws-cdk/aws-codepipeline:unspecifiedPipelineType]"
          }
        ],
        "/cdk-pipeline-cloud-assembly/Pipeline/CodePipeline/ArtifactsBucketEncryptionKey/Resource": [
          {
            "type": "aws:cdk:logicalId",
            "data": "PipelineCodePipelineArtifactsBucketEncryptionKey0E77C3AE"
          }
        ],
        "/cdk-pipeline-cloud-assembly/Pipeline/CodePipeline/ArtifactsBucketEncryptionKeyAlias/Resource": [
          {
            "type": "aws:cdk:logicalId",
            "data": "PipelineCodePipelineArtifactsBucketEncryptionKeyAlias3EF3F23B"
          }
        ],
        "/cdk-pipeline-cloud-assembly/Pipeline/CodePipeline/ArtifactsBucket/Resource": [
          {
            "type": "aws:cdk:logicalId",
            "data": "PipelineCodePipelineArtifactsBucket9E5E7047"
          }
        ],
        "/cdk-pipeline-cloud-assembly/Pipeline/CodePipeline/ArtifactsBucket/Policy/Resource": [
          {
            "type": "aws:cdk:logicalId",
            "data": "PipelineCodePipelineArtifactsBucketPolicyDD5F42B2"
          }
        ],
        "/cdk-pipeline-cloud-assembly/Pipeline/CodePipeline/Role/Resource": [
          {
            "type": "aws:cdk:logicalId",
            "data": "PipelineCodePipelineRoleEE058E60"
          }
        ],
        "/cdk-pipeline-cloud-assembly/Pipeline/CodePipeline/Role/DefaultPolicy/Resource": [
          {
            "type": "aws:cdk:logicalId",
            "data": "PipelineCodePipelineRoleDefaultPolicy37C67326"
          }
        ],
        "/cdk-pipeline-cloud-assembly/Pipeline/CodePipeline/Resource": [
          {
            "type": "aws:cdk:logicalId",
            "data": "PipelineCodePipeline4FC0E9B7"
          }
        ],
        "/cdk-pipeline-cloud-assembly/Pipeline/CodePipeline/Source/source/CodePipelineActionRole/Resource": [
          {
            "type": "aws:cdk:logicalId",
            "data": "PipelineCodePipelineSourcesourceCodePipelineActionRoleAB26C0AE"
          }
        ],
        "/cdk-pipeline-cloud-assembly/Pipeline/CodePipeline/Source/source/CodePipelineActionRole/DefaultPolicy/Resource": [
          {
            "type": "aws:cdk:logicalId",
            "data": "PipelineCodePipelineSourcesourceCodePipelineActionRoleDefaultPolicy7825EAF4"
          }
        ],
        "/cdk-pipeline-cloud-assembly/Pipeline/CodePipeline/PrepareCloudAssembly/cloud-assembly-lookup/CodePipelineActionRole/Resource": [
          {
            "type": "aws:cdk:logicalId",
            "data": "PipelineCodePipelinePrepareCloudAssemblycloudassemblylookupCodePipelineActionRole52243095"
          }
        ],
        "/cdk-pipeline-cloud-assembly/Pipeline/CodePipeline/PrepareCloudAssembly/cloud-assembly-lookup/CodePipelineActionRole/DefaultPolicy/Resource": [
          {
            "type": "aws:cdk:logicalId",
            "data": "PipelineCodePipelinePrepareCloudAssemblycloudassemblylookupCodePipelineActionRoleDefaultPolicy901A0F32"
          }
        ],
        "/cdk-pipeline-cloud-assembly/Pipeline/CodePipeline/EventsRole/Resource": [
          {
            "type": "aws:cdk:logicalId",
            "data": "PipelineCodePipelineEventsRole6E48CF6D"
          }
        ],
        "/cdk-pipeline-cloud-assembly/Pipeline/CodePipeline/EventsRole/DefaultPolicy/Resource": [
          {
            "type": "aws:cdk:logicalId",
            "data": "PipelineCodePipelineEventsRoleDefaultPolicy87D65CBE"
          }
        ],
        "/cdk-pipeline-cloud-assembly/Pipeline/PipelineTrigger/Resource": [
          {
            "type": "aws:cdk:logicalId",
            "data": "PipelinePipelineTriggerDBF83560"
          }
        ],
        "/cdk-pipeline-cloud-assembly/Pipeline/CdkPipeline/UpdatePipeline/SelfMutation/Role/Resource": [
          {
            "type": "aws:cdk:logicalId",
            "data": "PipelineCdkPipelineUpdatePipelineSelfMutationRole91D6CBA8"
          }
        ],
        "/cdk-pipeline-cloud-assembly/Pipeline/CdkPipeline/UpdatePipeline/SelfMutation/Role/DefaultPolicy/Resource": [
          {
            "type": "aws:cdk:logicalId",
            "data": "PipelineCdkPipelineUpdatePipelineSelfMutationRoleDefaultPolicy128B1173"
          }
        ],
        "/cdk-pipeline-cloud-assembly/Pipeline/CdkPipeline/UpdatePipeline/SelfMutation/Resource": [
          {
            "type": "aws:cdk:logicalId",
            "data": "PipelineCdkPipelineUpdatePipelineSelfMutation3D8B717E"
          }
        ],
        "/cdk-pipeline-cloud-assembly/Pipeline/CdkPipeline/CodeBuildActionRole/Resource": [
          {
            "type": "aws:cdk:logicalId",
            "data": "PipelineCdkPipelineCodeBuildActionRole1C961342"
          }
        ],
        "/cdk-pipeline-cloud-assembly/Pipeline/CdkPipeline/CodeBuildActionRole/DefaultPolicy/Resource": [
          {
            "type": "aws:cdk:logicalId",
            "data": "PipelineCdkPipelineCodeBuildActionRoleDefaultPolicy0A4D4386"
          }
        ],
        "/cdk-pipeline-cloud-assembly/CDKMetadata/Default": [
          {
            "type": "aws:cdk:logicalId",
            "data": "CDKMetadata"
          }
        ],
        "/cdk-pipeline-cloud-assembly/CDKMetadata/Condition": [
          {
            "type": "aws:cdk:logicalId",
            "data": "CDKMetadataAvailable"
          }
        ],
        "/cdk-pipeline-cloud-assembly/BootstrapVersion": [
          {
            "type": "aws:cdk:logicalId",
            "data": "BootstrapVersion"
          }
        ],
        "/cdk-pipeline-cloud-assembly/CheckBootstrapVersion": [
          {
            "type": "aws:cdk:logicalId",
            "data": "CheckBootstrapVersion"
          }
        ]
      },
      "displayName": "cdk-pipeline-cloud-assembly"
    },
    "webapp.assets": {
      "type": "cdk:asset-manifest",
      "properties": {
        "file": "webapp.assets.json",
        "requiresBootstrapStackVersion": 6,
        "bootstrapStackVersionSsmParameter": "/cdk-bootstrap/hnb659fds/version"
      }
    },
    "webapp": {
      "type": "aws:cloudformation:stack",
      "environment": "aws://112233445566/eu-west-1",
      "properties": {
        "templateFile": "webapp.template.json",
        "terminationProtection": false,
        "tags": {
          "Project": "my-project",
          "SourceRepo": "github/capralifecycle/liflig-cdk",
          "StackName": "webapp"
        },
        "validateOnSynth": false,
        "assumeRoleArn": "arn:${AWS::Partition}:iam::112233445566:role/cdk-hnb659fds-deploy-role-112233445566-eu-west-1",
        "cloudFormationExecutionRoleArn": "arn:${AWS::Partition}:iam::112233445566:role/cdk-hnb659fds-cfn-exec-role-112233445566-eu-west-1",
        "stackTemplateAssetObjectUrl": "s3://cdk-hnb659fds-assets-112233445566-eu-west-1/snapshot-value.json",
        "requiresBootstrapStackVersion": 6,
        "bootstrapStackVersionSsmParameter": "/cdk-bootstrap/hnb659fds/version",
        "additionalDependencies": [
          "webapp.assets"
        ],
        "lookupRole": {
          "arn": "arn:${AWS::Partition}:iam::112233445566:role/cdk-hnb659fds-lookup-role-112233445566-eu-west-1",
          "requiresBootstrapStackVersion": 8,
          "bootstrapStackVersionSsmParameter": "/cdk-bootstrap/hnb659fds/version"
        }
      },
      "dependencies": [
        "webapp.assets"
      ],
      "metadata": {
        "/webapp": [
          {
            "type": "aws:cdk:stack-tags",
            "data": [
              {
                "Key": "Project",
                "Value": "my-project"
              },
              {
                "Key": "SourceRepo",
                "Value": "github/capralifecycle/liflig-cdk"
              },
              {
                "Key": "StackName",
                "Value": "webapp"
              }
            ]
          }
        ],
        "/webapp/Webapp/Bucket/Resource": [
          {
            "type": "aws:cdk:logicalId",
            "data": "WebappBucketD38541E4"
          }
        ],
        "/webapp/Webapp/Bucket/Policy/Resource": [
          {
            "type": "aws:cdk:logicalId",
            "data": "WebappBucketPolicy4224ABFE"
          }
        ],
        "/webapp/Webapp/OriginAccessIdentity/Resource": [
          {
            "type": "aws:cdk:logicalId",
            "data": "WebappOriginAccessIdentityA216A4CF"
          }
        ],
        "/webapp/Webapp/SecurityHeaders/ResponseHeadersPolicy/Resource": [
          {
            "type": "aws:cdk:logicalId",
            "data": "WebappSecurityHeadersResponseHeadersPolicyF5614597"
          }
        ],
        "/webapp/Webapp/Distribution/Resource": [
          {
            "type": "aws:cdk:logicalId",
            "data": "WebappDistribution43D777AD"
          }
        ],
        "/webapp/CDKMetadata/Default": [
          {
            "type": "aws:cdk:logicalId",
            "data": "CDKMetadata"
          }
        ],
        "/webapp/BootstrapVersion": [
          {
            "type": "aws:cdk:logicalId",
            "data": "BootstrapVersion"
          }
        ],
        "/webapp/CheckBootstrapVersion": [
          {
            "type": "aws:cdk:logicalId",
            "data": "CheckBootstrapVersion"
          }
        ]
      },
      "displayName": "webapp"
    },
    "Tree": {
      "type": "cdk:tree",
      "properties": {
        "file": "tree.json"
      }
    }
  }
}