{
  "Resources": {
    "ParamReaderCustomResourcePolicy6D6224AD": {
      "Type": "AWS::IAM::Policy",
      "Properties": {
        "PolicyDocument": {
          "Statement": [
            {
              "Action": "ssm:GetParameter",
              "Effect": "Allow",
              "Resource": {
                "Fn::Join": [
                  "",
                  [
                    "arn:",
                    {
                      "Ref": "AWS::Partition"
                    },
                    ":ssm:eu-west-1:112233445566:parameter/some/parameter"
                  ]
                ]
              }
            }
          ],
          "Version": "2012-10-17"
        },
        "PolicyName": "ParamReaderCustomResourcePolicy6D6224AD",
        "Roles": [
          {
            "Ref": "AWS679f53fac002430cb0da5b7982bd2287ServiceRoleC1EA0FF2"
          }
        ]
      },
      "Metadata": {
        "aws:cdk:path": "ssm-parameter-reader/ParamReader/CustomResourcePolicy/Resource"
      }
    },
    "ParamReaderDE9769DB": {
      "Type": "Custom::AWS",
      "Properties": {
        "ServiceToken": {
          "Fn::GetAtt": [
            "AWS679f53fac002430cb0da5b7982bd22872D164C4C",
            "Arn"
          ]
        },
        "Create": "{\"service\":\"SSM\",\"action\":\"getParameter\",\"parameters\":{\"Name\":\"/some/parameter\"},\"region\":\"eu-west-1\",\"physicalResourceId\":{\"id\":\"/some/parameter\"}}",
        "Update": "{\"service\":\"SSM\",\"action\":\"getParameter\",\"parameters\":{\"Name\":\"/some/parameter\"},\"region\":\"eu-west-1\",\"physicalResourceId\":{\"id\":\"/some/parameter\"}}",
        "InstallLatestAwsSdk": true
      },
      "DependsOn": [
        "ParamReaderCustomResourcePolicy6D6224AD"
      ],
      "UpdateReplacePolicy": "Delete",
      "DeletionPolicy": "Delete",
      "Metadata": {
        "aws:cdk:path": "ssm-parameter-reader/ParamReader/Resource/Default",
        "Nonce": "123"
      }
    },
    "AWS679f53fac002430cb0da5b7982bd2287ServiceRoleC1EA0FF2": {
      "Type": "AWS::IAM::Role",
      "Properties": {
        "AssumeRolePolicyDocument": {
          "Statement": [
            {
              "Action": "sts:AssumeRole",
              "Effect": "Allow",
              "Principal": {
                "Service": "lambda.amazonaws.com"
              }
            }
          ],
          "Version": "2012-10-17"
        },
        "ManagedPolicyArns": [
          {
            "Fn::Join": [
              "",
              [
                "arn:",
                {
                  "Ref": "AWS::Partition"
                },
                ":iam::aws:policy/service-role/AWSLambdaBasicExecutionRole"
              ]
            ]
          }
        ],
        "Tags": [
          {
            "Key": "Project",
            "Value": "my-project"
          },
          {
            "Key": "SourceRepo",
            "Value": "github/capralifecycle/liflig-cdk"
          },
          {
            "Key": "StackName",
            "Value": "ssm-parameter-reader"
          }
        ]
      },
      "Metadata": {
        "aws:cdk:path": "ssm-parameter-reader/AWS679f53fac002430cb0da5b7982bd2287/ServiceRole/Resource"
      }
    },
    "AWS679f53fac002430cb0da5b7982bd22872D164C4C": {
      "Type": "AWS::Lambda::Function",
      "Properties": {
        "Code": {
          "S3Bucket": "cdk-hnb659fds-assets-112233445566-eu-west-1",
          "S3Key": "snapshot-value.zip"
        },
        "Role": {
          "Fn::GetAtt": [
            "AWS679f53fac002430cb0da5b7982bd2287ServiceRoleC1EA0FF2",
            "Arn"
          ]
        },
        "Handler": "index.handler",
        "Runtime": "nodejs12.x",
        "Tags": [
          {
            "Key": "Project",
            "Value": "my-project"
          },
          {
            "Key": "SourceRepo",
            "Value": "github/capralifecycle/liflig-cdk"
          },
          {
            "Key": "StackName",
            "Value": "ssm-parameter-reader"
          }
        ],
        "Timeout": 120
      },
      "DependsOn": [
        "AWS679f53fac002430cb0da5b7982bd2287ServiceRoleC1EA0FF2"
      ],
      "Metadata": {
        "aws:cdk:path": "ssm-parameter-reader/AWS679f53fac002430cb0da5b7982bd2287/Resource",
        "aws:asset:path": "asset.snapshot-value",
        "aws:asset:is-bundled": false,
        "aws:asset:property": "Code"
      }
    }
  },
  "Parameters": {
    "BootstrapVersion": {
      "Type": "AWS::SSM::Parameter::Value<String>",
      "Default": "/cdk-bootstrap/hnb659fds/version",
      "Description": "Version of the CDK Bootstrap resources in this environment, automatically retrieved from SSM Parameter Store. [cdk:skip]"
    }
  },
  "Rules": {
    "CheckBootstrapVersion": {
      "Assertions": [
        {
          "Assert": {
            "Fn::Not": [
              {
                "Fn::Contains": [
                  [
                    "1",
                    "2",
                    "3",
                    "4",
                    "5"
                  ],
                  {
                    "Ref": "BootstrapVersion"
                  }
                ]
              }
            ]
          },
          "AssertDescription": "CDK bootstrap stack version 6 required. Please run 'cdk bootstrap' with a recent version of the CDK CLI."
        }
      ]
    }
  }
}