{
  "Resources": {
    "WebappBucketD38541E4": {
      "Type": "AWS::S3::Bucket",
      "Properties": {
        "BucketEncryption": {
          "ServerSideEncryptionConfiguration": [
            {
              "ServerSideEncryptionByDefault": {
                "SSEAlgorithm": "AES256"
              }
            }
          ]
        },
        "Tags": [
          {
            "Key": "Project",
            "Value": "my-project"
          },
          {
            "Key": "SourceRepo",
            "Value": "github/capralifecycle/liflig-cdk"
          },
          {
            "Key": "StackName",
            "Value": "webapp"
          }
        ]
      },
      "UpdateReplacePolicy": "Retain",
      "DeletionPolicy": "Retain",
      "Metadata": {
        "aws:cdk:path": "webapp/Webapp/Bucket/Resource"
      }
    },
    "WebappBucketPolicy4224ABFE": {
      "Type": "AWS::S3::BucketPolicy",
      "Properties": {
        "Bucket": {
          "Ref": "WebappBucketD38541E4"
        },
        "PolicyDocument": {
          "Statement": [
            {
              "Action": "s3:GetObject",
              "Effect": "Allow",
              "Principal": {
                "CanonicalUser": {
                  "Fn::GetAtt": [
                    "WebappOriginAccessIdentityA216A4CF",
                    "S3CanonicalUserId"
                  ]
                }
              },
              "Resource": {
                "Fn::Join": [
                  "",
                  [
                    {
                      "Fn::GetAtt": [
                        "WebappBucketD38541E4",
                        "Arn"
                      ]
                    },
                    "/*"
                  ]
                ]
              }
            },
            {
              "Action": "s3:ListBucket",
              "Effect": "Allow",
              "Principal": {
                "CanonicalUser": {
                  "Fn::GetAtt": [
                    "WebappOriginAccessIdentityA216A4CF",
                    "S3CanonicalUserId"
                  ]
                }
              },
              "Resource": {
                "Fn::GetAtt": [
                  "WebappBucketD38541E4",
                  "Arn"
                ]
              }
            }
          ],
          "Version": "2012-10-17"
        }
      },
      "Metadata": {
        "aws:cdk:path": "webapp/Webapp/Bucket/Policy/Resource"
      }
    },
    "WebappOriginAccessIdentityA216A4CF": {
      "Type": "AWS::CloudFront::CloudFrontOriginAccessIdentity",
      "Properties": {
        "CloudFrontOriginAccessIdentityConfig": {
          "Comment": "Allows CloudFront to reach the bucket"
        }
      },
      "Metadata": {
        "aws:cdk:path": "webapp/Webapp/OriginAccessIdentity/Resource"
      }
    },
    "WebappDistribution43D777AD": {
      "Type": "AWS::CloudFront::Distribution",
      "Properties": {
        "DistributionConfig": {
          "Aliases": [
            "example.com"
          ],
          "CustomErrorResponses": [
            {
              "ErrorCode": 404,
              "ResponseCode": 200,
              "ResponsePagePath": "/index.html"
            }
          ],
          "DefaultCacheBehavior": {
            "CachePolicyId": "658327ea-f89d-4fab-a63d-7e88639e58f6",
            "Compress": true,
            "TargetOriginId": "webappWebappDistributionOrigin103015323",
            "ViewerProtocolPolicy": "redirect-to-https"
          },
          "DefaultRootObject": "index.html",
          "Enabled": true,
          "HttpVersion": "http2",
          "IPV6Enabled": true,
          "Origins": [
            {
              "DomainName": {
                "Fn::GetAtt": [
                  "WebappBucketD38541E4",
                  "RegionalDomainName"
                ]
              },
              "Id": "webappWebappDistributionOrigin103015323",
              "OriginPath": "/web",
              "S3OriginConfig": {
                "OriginAccessIdentity": {
                  "Fn::Join": [
                    "",
                    [
                      "origin-access-identity/cloudfront/",
                      {
                        "Ref": "WebappOriginAccessIdentityA216A4CF"
                      }
                    ]
                  ]
                }
              }
            }
          ],
          "PriceClass": "PriceClass_100",
          "ViewerCertificate": {
            "AcmCertificateArn": "arn:aws:acm:us-east-1:112233445566:certificate/123456789012-1234-1234-1234-12345678",
            "MinimumProtocolVersion": "TLSv1.2_2021",
            "SslSupportMethod": "sni-only"
          }
        },
        "Tags": [
          {
            "Key": "Project",
            "Value": "my-project"
          },
          {
            "Key": "SourceRepo",
            "Value": "github/capralifecycle/liflig-cdk"
          },
          {
            "Key": "StackName",
            "Value": "webapp"
          }
        ]
      },
      "Metadata": {
        "aws:cdk:path": "webapp/Webapp/Distribution/Resource"
      }
    }
  },
  "Parameters": {
    "BootstrapVersion": {
      "Type": "AWS::SSM::Parameter::Value<String>",
      "Default": "/cdk-bootstrap/hnb659fds/version",
      "Description": "Version of the CDK Bootstrap resources in this environment, automatically retrieved from SSM Parameter Store. [cdk:skip]"
    }
  },
  "Rules": {
    "CheckBootstrapVersion": {
      "Assertions": [
        {
          "Assert": {
            "Fn::Not": [
              {
                "Fn::Contains": [
                  [
                    "1",
                    "2",
                    "3",
                    "4",
                    "5"
                  ],
                  {
                    "Ref": "BootstrapVersion"
                  }
                ]
              }
            ]
          },
          "AssertDescription": "CDK bootstrap stack version 6 required. Please run 'cdk bootstrap' with a recent version of the CDK CLI."
        }
      ]
    }
  }
}