// Jest Snapshot v1, https://goo.gl/fbAQLP

exports[`getGriidArtefactBucket 1`] = `Object {}`;
