// Jest Snapshot v1, https://goo.gl/fbAQLP

exports[`cross-region-ssm-parameter 1`] = `Object {}`;
