{
  "artifacts": {
    "cdkpipelinecloudassemblyexample34A10B9D.assets": {
      "type": "cdk:asset-manifest",
      "properties": {
        "file": "cdkpipelinecloudassemblyexample34A10B9D.assets.json",
        "requiresBootstrapStackVersion": 4,
        "bootstrapStackVersionSsmParameter": "/cdk-bootstrap/hnb659fds/version"
      }
    },
    "cdkpipelinecloudassemblyexample34A10B9D": {
      "type": "aws:cloudformation:stack",
      "environment": "aws://unknown-account/unknown-region",
      "properties": {
        "templateFile": "cdkpipelinecloudassemblyexample34A10B9D.template.json",
        "assumeRoleArn": "arn:${AWS::Partition}:iam::${AWS::AccountId}:role/cdk-hnb659fds-deploy-role-${AWS::AccountId}-${AWS::Region}",
        "cloudFormationExecutionRoleArn": "arn:${AWS::Partition}:iam::${AWS::AccountId}:role/cdk-hnb659fds-cfn-exec-role-${AWS::AccountId}-${AWS::Region}",
        "stackTemplateAssetObjectUrl": "s3://cdk-hnb659fds-assets-${AWS::AccountId}-${AWS::Region}/snapshot-value.json",
        "requiresBootstrapStackVersion": 4,
        "bootstrapStackVersionSsmParameter": "/cdk-bootstrap/hnb659fds/version",
        "additionalDependencies": [
          "cdkpipelinecloudassemblyexample34A10B9D.assets"
        ],
        "stackName": "example-example"
      },
      "dependencies": [
        "cdkpipelinecloudassemblyexample34A10B9D.assets"
      ],
      "metadata": {
        "/cdk-pipeline-cloud-assembly/example/example/ExampleOutput": [
          {
            "type": "aws:cdk:logicalId",
            "data": "ExampleOutput"
          }
        ],
        "/cdk-pipeline-cloud-assembly/example/example/CDKMetadata/Default": [
          {
            "type": "aws:cdk:logicalId",
            "data": "CDKMetadata"
          }
        ],
        "/cdk-pipeline-cloud-assembly/example/example/CDKMetadata/Condition": [
          {
            "type": "aws:cdk:logicalId",
            "data": "CDKMetadataAvailable"
          }
        ],
        "/cdk-pipeline-cloud-assembly/example/example/BootstrapVersion": [
          {
            "type": "aws:cdk:logicalId",
            "data": "BootstrapVersion"
          }
        ],
        "/cdk-pipeline-cloud-assembly/example/example/CheckBootstrapVersion": [
          {
            "type": "aws:cdk:logicalId",
            "data": "CheckBootstrapVersion"
          }
        ]
      }
    }
  }
}