// Jest Snapshot v1, https://jestjs.io/docs/snapshot-testing

exports[`create database 1`] = `
Object {
  "Resources": Object {
    "DatabaseF44359DD": Object {
      "DeletionPolicy": "Snapshot",
      "Properties": Object {
        "AllocatedStorage": "25",
        "AllowMajorVersionUpgrade": true,
        "BackupRetentionPeriod": 35,
        "CopyTagsToSnapshot": true,
        "DBInstanceClass": "db.t3.micro",
        "DBInstanceIdentifier": "example-database-v1",
        "DBName": "app",
        "DBSubnetGroupName": Object {
          "Ref": "DatabaseSubnetGroup669F481A",
        },
        "Engine": "postgres",
        "EngineVersion": "12",
        "MasterUserPassword": Object {
          "Fn::Join": Array [
            "",
            Array [
              "{{resolve:secretsmanager:",
              Object {
                "Ref": "DatabaseSecret3B817195",
              },
              ":SecretString:password::}}",
            ],
          ],
        },
        "MasterUsername": Object {
          "Fn::Join": Array [
            "",
            Array [
              "{{resolve:secretsmanager:",
              Object {
                "Ref": "DatabaseSecret3B817195",
              },
              ":SecretString:username::}}",
            ],
          ],
        },
        "MultiAZ": true,
        "PubliclyAccessible": false,
        "StorageEncrypted": true,
        "StorageType": "gp2",
        "VPCSecurityGroups": Array [
          Object {
            "Fn::GetAtt": Array [
              "DatabaseSecurityGroupB7D8C207",
              "GroupId",
            ],
          },
        ],
      },
      "Type": "AWS::RDS::DBInstance",
      "UpdateReplacePolicy": "Snapshot",
    },
    "DatabaseSecret3B817195": Object {
      "DeletionPolicy": "Delete",
      "Properties": Object {
        "Description": Object {
          "Fn::Join": Array [
            "",
            Array [
              "Generated by the CDK for stack: ",
              Object {
                "Ref": "AWS::StackName",
              },
            ],
          ],
        },
        "GenerateSecretString": Object {
          "ExcludeCharacters": " %+~\`#$&*()|[]{}:;<>?!'/@\\"\\\\",
          "GenerateStringKey": "password",
          "PasswordLength": 30,
          "SecretStringTemplate": "{\\"username\\":\\"master\\"}",
        },
      },
      "Type": "AWS::SecretsManager::Secret",
      "UpdateReplacePolicy": "Delete",
    },
    "DatabaseSecretAttachmentE5D1B020": Object {
      "Properties": Object {
        "SecretId": Object {
          "Ref": "DatabaseSecret3B817195",
        },
        "TargetId": Object {
          "Ref": "DatabaseF44359DD",
        },
        "TargetType": "AWS::RDS::DBInstance",
      },
      "Type": "AWS::SecretsManager::SecretTargetAttachment",
    },
    "DatabaseSecurityGroupB7D8C207": Object {
      "Properties": Object {
        "GroupDescription": "Security group for Resource database",
        "SecurityGroupEgress": Array [
          Object {
            "CidrIp": "0.0.0.0/0",
            "Description": "Allow all outbound traffic by default",
            "IpProtocol": "-1",
          },
        ],
        "VpcId": Object {
          "Fn::ImportValue": "SupportStack:ExportsOutputRefVpc8378EB38272D6E3A",
        },
      },
      "Type": "AWS::EC2::SecurityGroup",
    },
    "DatabaseSecurityGroupfromSupportStackSecurityGroupF35DA957IndirectPort55C732DA": Object {
      "Properties": Object {
        "Description": "from SupportStackSecurityGroupF35DA957:{IndirectPort}",
        "FromPort": Object {
          "Fn::GetAtt": Array [
            "DatabaseF44359DD",
            "Endpoint.Port",
          ],
        },
        "GroupId": Object {
          "Fn::GetAtt": Array [
            "DatabaseSecurityGroupB7D8C207",
            "GroupId",
          ],
        },
        "IpProtocol": "tcp",
        "SourceSecurityGroupId": Object {
          "Fn::ImportValue": "SupportStack:ExportsOutputFnGetAttSecurityGroupDD263621GroupIdDF6F8B09",
        },
        "ToPort": Object {
          "Fn::GetAtt": Array [
            "DatabaseF44359DD",
            "Endpoint.Port",
          ],
        },
      },
      "Type": "AWS::EC2::SecurityGroupIngress",
    },
    "DatabaseSubnetGroup669F481A": Object {
      "Properties": Object {
        "DBSubnetGroupDescription": "Subnet group for Resource database",
        "SubnetIds": Array [
          Object {
            "Fn::ImportValue": "SupportStack:ExportsOutputRefVpcPublicSubnet1Subnet5C2D37C4FFA2B456",
          },
          Object {
            "Fn::ImportValue": "SupportStack:ExportsOutputRefVpcPublicSubnet2Subnet691E08A351552740",
          },
        ],
      },
      "Type": "AWS::RDS::DBSubnetGroup",
    },
  },
}
`;
