{
  "artifacts": {
    "cdkpipelinecdksourceexample06670C59.assets": {
      "type": "cdk:asset-manifest",
      "properties": {
        "file": "cdkpipelinecdksourceexample06670C59.assets.json",
        "requiresBootstrapStackVersion": 6,
        "bootstrapStackVersionSsmParameter": "/cdk-bootstrap/hnb659fds/version"
      }
    },
    "cdkpipelinecdksourceexample06670C59": {
      "type": "aws:cloudformation:stack",
      "environment": "aws://unknown-account/unknown-region",
      "properties": {
        "templateFile": "cdkpipelinecdksourceexample06670C59.template.json",
        "terminationProtection": false,
        "validateOnSynth": true,
        "assumeRoleArn": "arn:${AWS::Partition}:iam::${AWS::AccountId}:role/cdk-hnb659fds-deploy-role-${AWS::AccountId}-${AWS::Region}",
        "cloudFormationExecutionRoleArn": "arn:${AWS::Partition}:iam::${AWS::AccountId}:role/cdk-hnb659fds-cfn-exec-role-${AWS::AccountId}-${AWS::Region}",
        "stackTemplateAssetObjectUrl": "s3://cdk-hnb659fds-assets-${AWS::AccountId}-${AWS::Region}/snapshot-value.json",
        "requiresBootstrapStackVersion": 6,
        "bootstrapStackVersionSsmParameter": "/cdk-bootstrap/hnb659fds/version",
        "additionalDependencies": [
          "cdkpipelinecdksourceexample06670C59.assets"
        ],
        "lookupRole": {
          "arn": "arn:${AWS::Partition}:iam::${AWS::AccountId}:role/cdk-hnb659fds-lookup-role-${AWS::AccountId}-${AWS::Region}",
          "requiresBootstrapStackVersion": 8,
          "bootstrapStackVersionSsmParameter": "/cdk-bootstrap/hnb659fds/version"
        },
        "stackName": "example-example"
      },
      "dependencies": [
        "cdkpipelinecdksourceexample06670C59.assets"
      ],
      "metadata": {
        "/cdk-pipeline-cdk-source/example/example/ExampleOutput": [
          {
            "type": "aws:cdk:logicalId",
            "data": "ExampleOutput"
          }
        ],
        "/cdk-pipeline-cdk-source/example/example/CDKMetadata/Default": [
          {
            "type": "aws:cdk:logicalId",
            "data": "CDKMetadata"
          }
        ],
        "/cdk-pipeline-cdk-source/example/example/CDKMetadata/Condition": [
          {
            "type": "aws:cdk:logicalId",
            "data": "CDKMetadataAvailable"
          }
        ],
        "/cdk-pipeline-cdk-source/example/example/BootstrapVersion": [
          {
            "type": "aws:cdk:logicalId",
            "data": "BootstrapVersion"
          }
        ],
        "/cdk-pipeline-cdk-source/example/example/CheckBootstrapVersion": [
          {
            "type": "aws:cdk:logicalId",
            "data": "CheckBootstrapVersion"
          }
        ]
      },
      "displayName": "cdk-pipeline-cdk-source/example/example"
    }
  }
}