// Jest Snapshot v1, https://goo.gl/fbAQLP

exports[`create postgres database 1`] = `
Object {
  "Resources": Object {
    "DatabaseDbE7C02057": Object {
      "DeletionPolicy": "Snapshot",
      "Properties": Object {
        "AllocatedStorage": "25",
        "AllowMajorVersionUpgrade": true,
        "BackupRetentionPeriod": 35,
        "CopyTagsToSnapshot": true,
        "DBInstanceClass": "db.t3.micro",
        "DBInstanceIdentifier": "example-database-v1",
        "DBName": "app",
        "DBSubnetGroupName": Object {
          "Ref": "DatabaseDbSubnetGroupFB62376A",
        },
        "Engine": "postgres",
        "EngineVersion": "12",
        "MasterUserPassword": Object {
          "Fn::Join": Array [
            "",
            Array [
              "{{resolve:secretsmanager:",
              Object {
                "Ref": "DatabaseDbSecret1098DC6E",
              },
              ":SecretString:password::}}",
            ],
          ],
        },
        "MasterUsername": Object {
          "Fn::Join": Array [
            "",
            Array [
              "{{resolve:secretsmanager:",
              Object {
                "Ref": "DatabaseDbSecret1098DC6E",
              },
              ":SecretString:username::}}",
            ],
          ],
        },
        "MultiAZ": true,
        "PubliclyAccessible": false,
        "StorageEncrypted": true,
        "StorageType": "gp2",
        "VPCSecurityGroups": Array [
          Object {
            "Fn::GetAtt": Array [
              "DatabaseDbSecurityGroupE6612FBB",
              "GroupId",
            ],
          },
        ],
      },
      "Type": "AWS::RDS::DBInstance",
      "UpdateReplacePolicy": "Snapshot",
    },
    "DatabaseDbSecret1098DC6E": Object {
      "Properties": Object {
        "Description": Object {
          "Fn::Join": Array [
            "",
            Array [
              "Generated by the CDK for stack: ",
              Object {
                "Ref": "AWS::StackName",
              },
            ],
          ],
        },
        "GenerateSecretString": Object {
          "ExcludeCharacters": " %+~\`#$&*()|[]{}:;<>?!'/@\\"\\\\",
          "GenerateStringKey": "password",
          "PasswordLength": 30,
          "SecretStringTemplate": "{\\"username\\":\\"master\\"}",
        },
      },
      "Type": "AWS::SecretsManager::Secret",
    },
    "DatabaseDbSecretAttachment34026B56": Object {
      "Properties": Object {
        "SecretId": Object {
          "Ref": "DatabaseDbSecret1098DC6E",
        },
        "TargetId": Object {
          "Ref": "DatabaseDbE7C02057",
        },
        "TargetType": "AWS::RDS::DBInstance",
      },
      "Type": "AWS::SecretsManager::SecretTargetAttachment",
    },
    "DatabaseDbSecurityGroupE6612FBB": Object {
      "Properties": Object {
        "GroupDescription": "Security group for Db database",
        "SecurityGroupEgress": Array [
          Object {
            "CidrIp": "0.0.0.0/0",
            "Description": "Allow all outbound traffic by default",
            "IpProtocol": "-1",
          },
        ],
        "VpcId": Object {
          "Fn::ImportValue": "SupportStack:ExportsOutputRefVpc8378EB38272D6E3A",
        },
      },
      "Type": "AWS::EC2::SecurityGroup",
    },
    "DatabaseDbSubnetGroupFB62376A": Object {
      "Properties": Object {
        "DBSubnetGroupDescription": "Subnet group for Db database",
        "SubnetIds": Array [
          Object {
            "Fn::ImportValue": "SupportStack:ExportsOutputRefVpcPublicSubnet1Subnet5C2D37C4FFA2B456",
          },
          Object {
            "Fn::ImportValue": "SupportStack:ExportsOutputRefVpcPublicSubnet2Subnet691E08A351552740",
          },
        ],
      },
      "Type": "AWS::RDS::DBSubnetGroup",
    },
  },
}
`;
